/home/hpcs_rnd/anaconda3/envs/Ravindra_env/lib/python3.9/site-packages/requests/__init__.py:86: RequestsDependencyWarning: Unable to find acceptable character detection dependency (chardet or charset_normalizer).
  warnings.warn(
Using backend: tensorflow.compat.v1
Other supported backends: tensorflow, pytorch, jax, paddle.
paddle supports more examples now and is recommended.
WARNING:tensorflow:From /home/hpcs_rnd/anaconda3/envs/Ravindra_env/lib/python3.9/site-packages/tensorflow/python/compat/v2_compat.py:107: disable_resource_variables (from tensorflow.python.ops.variable_scope) is deprecated and will be removed in a future version.
Instructions for updating:
non-resource variables are not supported in the long term
Enable just-in-time compilation with XLA.

WARNING:tensorflow:From /home/hpcs_rnd/anaconda3/envs/Ravindra_env/lib/python3.9/site-packages/deepxde/nn/initializers.py:118: The name tf.keras.initializers.he_normal is deprecated. Please use tf.compat.v1.keras.initializers.he_normal instead.

/home/hpcs_rnd/anaconda3/envs/Ravindra_env/lib/python3.9/site-packages/deepxde/nn/tensorflow_compat_v1/fnn.py:116: UserWarning: `tf.layers.dense` is deprecated and will be removed in a future version. Please use `tf.keras.layers.Dense` instead.
  return tf.layers.dense(
/home/hpcs_rnd/anaconda3/envs/Ravindra_env/lib/python3.9/site-packages/keras/legacy_tf_layers/core.py:261: UserWarning: `layer.apply` is deprecated and will be removed in a future version. Please use `layer.__call__` method instead.
  return layer.apply(inputs)
Warning: 2540 points required, but 2556 points sampled.
Compiling model...
Building feed-forward neural network...
'build' took 0.052066 s

2024-07-12 18:15:21.072588: I tensorflow/core/platform/cpu_feature_guard.cc:151] This TensorFlow binary is optimized with oneAPI Deep Neural Network Library (oneDNN) to use the following CPU instructions in performance-critical operations:  AVX2 FMA
To enable them in other operations, rebuild TensorFlow with the appropriate compiler flags.
2024-07-12 18:15:21.754409: W tensorflow/core/common_runtime/gpu/gpu_bfc_allocator.cc:39] Overriding allow_growth setting because the TF_FORCE_GPU_ALLOW_GROWTH environment variable is set. Original config value was 0.
2024-07-12 18:15:21.754547: I tensorflow/core/common_runtime/gpu/gpu_device.cc:1525] Created device /job:localhost/replica:0/task:0/device:GPU:0 with 37841 MB memory:  -> device: 0, name: NVIDIA A100-SXM4-40GB, pci bus id: 0000:c8:00.0, compute capability: 8.0
'compile' took 0.931287 s

2024-07-12 18:15:22.040209: I tensorflow/compiler/xla/service/service.cc:171] XLA service 0x2af4bc007640 initialized for platform CUDA (this does not guarantee that XLA will be used). Devices:
2024-07-12 18:15:22.040321: I tensorflow/compiler/xla/service/service.cc:179]   StreamExecutor device (0): NVIDIA A100-SXM4-40GB, Compute Capability 8.0
2024-07-12 18:15:22.047524: I tensorflow/compiler/mlir/tensorflow/utils/dump_mlir_util.cc:237] disabling MLIR crash reproducer, set env var `MLIR_CRASH_REPRODUCER_DIRECTORY` to enable.
2024-07-12 18:15:23.758829: I tensorflow/compiler/jit/xla_compilation_cache.cc:399] Compiled cluster using XLA!  This line is logged at most once for the lifetime of the process.
Training model...

Step      Train loss              Test loss               Test metric
0         [3.67e-02, 1.36e+00]    [3.52e-02, 1.36e+00]    []  
1000      [8.14e-05, 2.35e-04]    [6.01e-05, 2.35e-04]    []  
2000      [3.31e-05, 1.34e-04]    [2.16e-05, 1.34e-04]    []  
3000      [1.80e-05, 9.27e-05]    [1.10e-05, 9.27e-05]    []  
4000      [1.24e-05, 6.59e-05]    [8.39e-06, 6.59e-05]    []  
5000      [7.96e-06, 4.86e-05]    [4.19e-06, 4.86e-05]    []  
6000      [7.17e-06, 3.80e-05]    [3.64e-06, 3.80e-05]    []  
7000      [1.47e-05, 3.21e-05]    [1.39e-05, 3.21e-05]    []  
8000      [5.37e-06, 2.28e-05]    [2.81e-06, 2.28e-05]    []  
9000      [3.86e-06, 1.73e-05]    [1.97e-06, 1.73e-05]    []  
10000     [8.98e-06, 1.39e-05]    [8.55e-06, 1.39e-05]    []  
11000     [2.46e-06, 6.88e-06]    [1.41e-06, 6.88e-06]    []  
12000     [1.72e-06, 3.86e-06]    [1.23e-06, 3.86e-06]    []  
13000     [1.32e-06, 2.33e-06]    [1.20e-06, 2.33e-06]    []  
14000     [7.45e-07, 1.05e-06]    [4.95e-07, 1.05e-06]    []  
15000     [5.59e-07, 5.21e-07]    [5.22e-07, 5.21e-07]    []  
16000     [4.86e-07, 4.18e-07]    [3.25e-07, 4.18e-07]    []  
17000     [4.18e-07, 3.65e-07]    [2.72e-07, 3.65e-07]    []  
18000     [1.47e-06, 8.12e-07]    [1.51e-06, 8.12e-07]    []  
19000     [1.66e-06, 1.06e-06]    [1.25e-06, 1.06e-06]    []  
20000     [6.33e-05, 2.57e-05]    [6.55e-05, 2.57e-05]    []  
21000     [3.06e-06, 1.86e-06]    [2.94e-06, 1.86e-06]    []  
22000     [2.71e-06, 1.15e-06]    [3.06e-06, 1.15e-06]    []  
23000     [2.66e-07, 3.17e-07]    [2.14e-07, 3.17e-07]    []  
24000     [2.63e-07, 2.99e-07]    [1.45e-07, 2.99e-07]    []  
25000     [2.54e-07, 3.20e-07]    [1.48e-07, 3.20e-07]    []  
26000     [2.49e-07, 2.87e-07]    [1.38e-07, 2.87e-07]    []  
27000     [2.34e-07, 3.65e-07]    [1.42e-07, 3.65e-07]    []  
28000     [7.77e-06, 3.58e-06]    [6.40e-06, 3.58e-06]    []  
29000     [8.26e-06, 4.08e-06]    [7.29e-06, 4.08e-06]    []  
30000     [2.25e-07, 2.83e-07]    [1.24e-07, 2.83e-07]    []  

Best model at step 30000:
  train loss: 5.08e-07
  test loss: 4.08e-07
  test metric: []

'train' took 37.366184 s

Compiling model...
'compile' took 0.104317 s

2024-07-12 18:15:59.500607: W tensorflow/compiler/jit/mark_for_compilation_pass.cc:1658] (One-time warning): Not using XLA:CPU for cluster.

If you want XLA:CPU, do one of the following:

 - set the TF_XLA_FLAGS to include "--tf_xla_cpu_global_jit", or
 - set cpu_global_jit to true on this session's OptimizerOptions, or
 - use experimental_jit_scope, or
 - use tf.function(jit_compile=True).

To confirm that XLA is active, pass --vmodule=xla_compilation_cache=1 (as a
proper command-line flag, not via TF_XLA_FLAGS).
Training model...

Step      Train loss              Test loss               Test metric
30000     [2.25e-07, 2.83e-07]    [1.24e-07, 2.83e-07]    []  
30011     [2.11e-07, 2.81e-07]    [1.23e-07, 2.81e-07]    []  

Best model at step 30011:
  train loss: 4.92e-07
  test loss: 4.05e-07
  test metric: []

'train' took 1.309930 s

Saving loss history to /home/hpcs_rnd/RAVINDRA_IISc/advection_equation/loss.dat ...
Saving training data to /home/hpcs_rnd/RAVINDRA_IISc/advection_equation/train.dat ...
Saving test data to /home/hpcs_rnd/RAVINDRA_IISc/advection_equation/test.dat ...
Mean Squared Error: 0.005621983620622482
Mean Squared Error Variance: [0.00033967]
Traceback (most recent call last):
  File "/home/hpcs_rnd/RAVINDRA_IISc/advection_equation/advection.py", line 95, in <module>
    data = np.load('advection_equation/advection1_2d.npz')
  File "/home/hpcs_rnd/anaconda3/envs/Ravindra_env/lib/python3.9/site-packages/numpy/lib/npyio.py", line 427, in load
    fid = stack.enter_context(open(os_fspath(file), "rb"))
FileNotFoundError: [Errno 2] No such file or directory: 'advection_equation/advection1_2d.npz'
